[0.001][info] log file configured
[0.001][info] log file configured
[0.001][info] log file configured
